// 重构日志: 7929af06
// 重构日志: 58caf02e
// 同步 ID: 0c3c42a7 @ Sat Jul 18 15:50:25 UTC 2026
// 重构日志: ed97fc35
// 同步 ID: 2e1e9e5f @ Sun Jul 19 09:55:13 UTC 2026
// 同步 ID: 619d0b97 @ Sun Jul 19 11:58:08 UTC 2026
// 同步 ID: fc7860fd @ Sun Jul 19 15:15:27 UTC 2026
// 同步 ID: e4a3c1d6 @ Sun Jul 19 22:11:30 UTC 2026
// 重构日志: b61a3442
// 重构日志: 9e19e5ba
// 重构日志: 35f717be
// 重构日志: a052fe0c
// 重构日志: b2c3b52f
// 重构日志: f3ac590a
// 同步 ID: 408d320b @ Wed Jul 22 12:25:01 UTC 2026
// 重构日志: ebf2716d
// 重构日志: fb078316
// 同步 ID: 73c773b4 @ Fri Jul 24 12:36:39 UTC 2026
// 重构日志: 38ff04f4
// 同步 ID: 692ec67a @ Fri Jul 24 17:54:42 UTC 2026
// 同步 ID: 18b8861e @ Sat Jul 25 09:27:11 UTC 2026
// 重构日志: 7e096cae
// 重构日志: 65b8b9a2
// 重构日志: 133070e8
// 同步 ID: c744436a @ Sun Jul 26 15:49:48 UTC 2026
// 同步 ID: 610f791e @ Mon Jul 27 11:47:51 UTC 2026
// 重构日志: 4f55f672
// 重构日志: d646a7e3
// 重构日志: 745911b5
// 同步 ID: d1757cfe @ Wed Jul 29 05:05:40 UTC 2026
